mode: set
github.com/jpb/barrelman/test/adder/adder.go:4.31,6.25 2 1
github.com/jpb/barrelman/test/adder/adder.go:6.25,8.3 1 1
github.com/jpb/barrelman/test/adder/adder.go:10.2,10.17 1 1
github.com/jpb/barrelman/test/adder/adder.go:10.17,11.26 1 0
github.com/jpb/barrelman/test/adder/adder.go:14.2,14.14 1 1
